
> taskflow-frontend@0.1.0 test
> vitest tests/integration/task_edit_flow.test.tsx --run


[1m[7m[36m RUN [39m[27m[22m [36mv2.1.9 [39m[90mC:/Users/chaunguyenh/Chau/speckit-copilot/frontend[39m

 [31m❯[39m tests/integration/task_edit_flow.test.tsx [2m([22m[2m2 tests[22m[2m | [22m[31m2 failed[39m[2m)[22m[90m 210[2mms[22m[39m
[31m   [31m×[31m Task edit flow[2m > [22msaves edited title and description[90m 168[2mms[22m[31m[39m
[31m     → Unable to find an accessible element with the role "button" and name "Edit"

Here are the accessible roles:

  main:

  Name "":
  [36m<main[31m
    [33mclass[31m=[32m"container"[31m
  [36m/>[31m

  --------------------------------------------------
  heading:

  Name "TaskFlow":
  [36m<h1 />[31m

  Name "Create Task":
  [36m<h2 />[31m

  Name "Tasks":
  [36m<h2 />[31m

  --------------------------------------------------
  paragraph:

  Name "":
  [36m<p[31m
    [33mclass[31m=[32m"subtitle"[31m
  [36m/>[31m

  Name "":
  [36m<p[31m
    [33mclass[31m=[32m"task-title"[31m
  [36m/>[31m

  --------------------------------------------------
  textbox:

  Name "Title":
  [36m<input[31m
    [33maria-label[31m=[32m"Title"[31m
    [33mid[31m=[32m"task-title"[31m
    [33mmaxlength[31m=[32m"255"[31m
    [33mvalue[31m=[32m""[31m
  [36m/>[31m

  Name "Description":
  [36m<textarea[31m
    [33maria-label[31m=[32m"Description"[31m
    [33mid[31m=[32m"task-description"[31m
    [33mmaxlength[31m=[32m"4000"[31m
  [36m/>[31m

  --------------------------------------------------
  button:

  Name "Add task":
  [36m<button[31m
    [33mtype[31m=[32m"submit"[31m
  [36m/>[31m

  --------------------------------------------------
  list:

  Name "":
  [36m<ul[31m
    [33mclass[31m=[32m"task-list"[31m
  [36m/>[31m

  --------------------------------------------------
  listitem:

  Name "":
  [36m<li[31m
    [33mclass[31m=[32m"task-item"[31m
  [36m/>[31m

  --------------------------------------------------
  combobox:

  Name "Status":
  [36m<select[31m
    [33maria-label[31m=[32m"Status"[31m
    [33mid[31m=[32m"task-status-task-1"[31m
  [36m/>[31m

  --------------------------------------------------
  option:

  Name "todo":
  [36m<option[31m
    [33mvalue[31m=[32m"todo"[31m
  [36m/>[31m

  Name "in_progress":
  [36m<option[31m
    [33mvalue[31m=[32m"in_progress"[31m
  [36m/>[31m

  Name "done":
  [36m<option[31m
    [33mvalue[31m=[32m"done"[31m
  [36m/>[31m

  --------------------------------------------------

Ignored nodes: comments, script, style
[36m<body>[31m
  [36m<div>[31m
    [36m<main[31m
      [33mclass[31m=[32m"container"[31m
    [36m>[31m
      [36m<h1>[31m
        [0mTaskFlow[0m
      [36m</h1>[31m
      [36m<p[31m
        [33mclass[31m=[32m"subtitle"[31m
      [36m>[31m
        [0mCreate tasks and load task pages with cursor-based pagination.[0m
      [36m</p>[31m
      [36m<form[31m
        [33mclass[31m=[32m"card task-form"[31m
      [36m>[31m
        [36m<h2>[31m
          [0mCreate Task[0m
        [36m</h2>[31m
        [36m<label[31m
          [33mfor[31m=[32m"task-title"[31m
        [36m>[31m
          [0mTitle[0m
        [36m</label>[31m
        [36m<input[31m
          [33maria-label[31m=[32m"Title"[31m
          [33mid[31m=[32m"task-title"[31m
          [33mmaxlength[31m=[32m"255"[31m
          [33mvalue[31m=[32m""[31m
        [36m/>[31m
        [36m<label[31m
          [33mfor[31m=[32m"task-description"[31m
        [36m>[31m
          [0mDescription[0m
        [36m</label>[31m
        [36m<textarea[31m
          [33maria-label[31m=[32m"Description"[31m
          [33mid[31m=[32m"task-description"[31m
          [33mmaxlength[31m=[32m"4000"[31m
        [36m/>[31m
        [36m<button[31m
          [33mtype[31m=[32m"submit"[31m
        [36m>[31m
          [0mAdd task[0m
        [36m</button>[31m
      [36m</form>[31m
      [36m<section[31m
        [33mclass[31m=[32m"card"[31m
      [36m>[31m
        [36m<h2>[31m
          [0mTasks[0m
        [36m</h2>[31m
        [36m<ul[31m
          [33mclass[31m=[32m"task-list"[31m
        [36m>[31m
          [36m<li[31m
            [33mclass[31m=[32m"task-item"[31m
          [36m>[31m
            [36m<p[31m
              [33mclass[31m=[32m"task-title"[31m
            [36m>[31m
              [0mBuy gorceries[0m
            [36m</p>[31m
            [36m<label[31m
              [33mclass[31m=[32m"task-status-control"[31m
              [33mfor[31m=[32m"task-status-task-1"[31m
            [36m>[31m
              [0mStatus[0m
              [36m<select[31m
                [33maria-label[31m=[32m"Status"[31m
                [33mid[31m=[32m"task-status-task-1"[31m
              [36m>[31m
                [36m<option[31m
                  [33mvalue[31m=[32m"todo"[31m
                [36m>[31m
                  [0mtodo[0m
                [36m</option>[31m
                [36m<option[31m
                  [33mvalue[31m=[32m"in_progress"[31m
                [36m>[31m
                  [0min_progress[0m
                [36m</option>[31m
                [36m<option[31m
                  [33mvalue[31m=[32m"done"[31m
                [36m>[31m
                  [0mdone[0m
                [36m</option>[31m
              [36m</select>[31m
            [36m</label>[31m
          [36m</li>[31m
        [36m</ul>[31m
      [36m</section>[31m
    [36m</main>[31m
  [36m</div>[31m
[36m</body>[31m[39m
[31m   [31m×[31m Task edit flow[2m > [22mcancels editing and restores view mode without saving[90m 40[2mms[22m[31m[39m
[31m     → Unable to find an accessible element with the role "button" and name "Edit"

Here are the accessible roles:

  main:

  Name "":
  [36m<main[31m
    [33mclass[31m=[32m"container"[31m
  [36m/>[31m

  --------------------------------------------------
  heading:

  Name "TaskFlow":
  [36m<h1 />[31m

  Name "Create Task":
  [36m<h2 />[31m

  Name "Tasks":
  [36m<h2 />[31m

  --------------------------------------------------
  paragraph:

  Name "":
  [36m<p[31m
    [33mclass[31m=[32m"subtitle"[31m
  [36m/>[31m

  Name "":
  [36m<p[31m
    [33mclass[31m=[32m"task-title"[31m
  [36m/>[31m

  --------------------------------------------------
  textbox:

  Name "Title":
  [36m<input[31m
    [33maria-label[31m=[32m"Title"[31m
    [33mid[31m=[32m"task-title"[31m
    [33mmaxlength[31m=[32m"255"[31m
    [33mvalue[31m=[32m""[31m
  [36m/>[31m

  Name "Description":
  [36m<textarea[31m
    [33maria-label[31m=[32m"Description"[31m
    [33mid[31m=[32m"task-description"[31m
    [33mmaxlength[31m=[32m"4000"[31m
  [36m/>[31m

  --------------------------------------------------
  button:

  Name "Add task":
  [36m<button[31m
    [33mtype[31m=[32m"submit"[31m
  [36m/>[31m

  --------------------------------------------------
  list:

  Name "":
  [36m<ul[31m
    [33mclass[31m=[32m"task-list"[31m
  [36m/>[31m

  --------------------------------------------------
  listitem:

  Name "":
  [36m<li[31m
    [33mclass[31m=[32m"task-item"[31m
  [36m/>[31m

  --------------------------------------------------
  combobox:

  Name "Status":
  [36m<select[31m
    [33maria-label[31m=[32m"Status"[31m
    [33mid[31m=[32m"task-status-task-1"[31m
  [36m/>[31m

  --------------------------------------------------
  option:

  Name "todo":
  [36m<option[31m
    [33mvalue[31m=[32m"todo"[31m
  [36m/>[31m

  Name "in_progress":
  [36m<option[31m
    [33mvalue[31m=[32m"in_progress"[31m
  [36m/>[31m

  Name "done":
  [36m<option[31m
    [33mvalue[31m=[32m"done"[31m
  [36m/>[31m

  --------------------------------------------------

Ignored nodes: comments, script, style
[36m<body>[31m
  [36m<div>[31m
    [36m<main[31m
      [33mclass[31m=[32m"container"[31m
    [36m>[31m
      [36m<h1>[31m
        [0mTaskFlow[0m
      [36m</h1>[31m
      [36m<p[31m
        [33mclass[31m=[32m"subtitle"[31m
      [36m>[31m
        [0mCreate tasks and load task pages with cursor-based pagination.[0m
      [36m</p>[31m
      [36m<form[31m
        [33mclass[31m=[32m"card task-form"[31m
      [36m>[31m
        [36m<h2>[31m
          [0mCreate Task[0m
        [36m</h2>[31m
        [36m<label[31m
          [33mfor[31m=[32m"task-title"[31m
        [36m>[31m
          [0mTitle[0m
        [36m</label>[31m
        [36m<input[31m
          [33maria-label[31m=[32m"Title"[31m
          [33mid[31m=[32m"task-title"[31m
          [33mmaxlength[31m=[32m"255"[31m
          [33mvalue[31m=[32m""[31m
        [36m/>[31m
        [36m<label[31m
          [33mfor[31m=[32m"task-description"[31m
        [36m>[31m
          [0mDescription[0m
        [36m</label>[31m
        [36m<textarea[31m
          [33maria-label[31m=[32m"Description"[31m
          [33mid[31m=[32m"task-description"[31m
          [33mmaxlength[31m=[32m"4000"[31m
        [36m/>[31m
        [36m<button[31m
          [33mtype[31m=[32m"submit"[31m
        [36m>[31m
          [0mAdd task[0m
        [36m</button>[31m
      [36m</form>[31m
      [36m<section[31m
        [33mclass[31m=[32m"card"[31m
      [36m>[31m
        [36m<h2>[31m
          [0mTasks[0m
        [36m</h2>[31m
        [36m<ul[31m
          [33mclass[31m=[32m"task-list"[31m
        [36m>[31m
          [36m<li[31m
            [33mclass[31m=[32m"task-item"[31m
          [36m>[31m
            [36m<p[31m
              [33mclass[31m=[32m"task-title"[31m
            [36m>[31m
              [0mBuy gorceries[0m
            [36m</p>[31m
            [36m<label[31m
              [33mclass[31m=[32m"task-status-control"[31m
              [33mfor[31m=[32m"task-status-task-1"[31m
            [36m>[31m
              [0mStatus[0m
              [36m<select[31m
                [33maria-label[31m=[32m"Status"[31m
                [33mid[31m=[32m"task-status-task-1"[31m
              [36m>[31m
                [36m<option[31m
                  [33mvalue[31m=[32m"todo"[31m
                [36m>[31m
                  [0mtodo[0m
                [36m</option>[31m
                [36m<option[31m
                  [33mvalue[31m=[32m"in_progress"[31m
                [36m>[31m
                  [0min_progress[0m
                [36m</option>[31m
                [36m<option[31m
                  [33mvalue[31m=[32m"done"[31m
                [36m>[31m
                  [0mdone[0m
                [36m</option>[31m
              [36m</select>[31m
            [36m</label>[31m
          [36m</li>[31m
        [36m</ul>[31m
      [36m</section>[31m
    [36m</main>[31m
  [36m</div>[31m
[36m</body>[31m[39m

[31m⎯⎯⎯⎯⎯⎯⎯[1m[7m Failed Tests 2 [27m[22m⎯⎯⎯⎯⎯⎯⎯[39m

[31m[1m[7m FAIL [27m[22m[39m tests/integration/task_edit_flow.test.tsx[2m > [22mTask edit flow[2m > [22msaves edited title and description
[31m[1mTestingLibraryElementError[22m[39m: Unable to find an accessible element with the role "button" and name "Edit"

Here are the accessible roles:

  main:

  Name "":
  [36m<main[39m
    [33mclass[39m=[32m"container"[39m
  [36m/>[39m

  --------------------------------------------------
  heading:

  Name "TaskFlow":
  [36m<h1 />[39m

  Name "Create Task":
  [36m<h2 />[39m

  Name "Tasks":
  [36m<h2 />[39m

  --------------------------------------------------
  paragraph:

  Name "":
  [36m<p[39m
    [33mclass[39m=[32m"subtitle"[39m
  [36m/>[39m

  Name "":
  [36m<p[39m
    [33mclass[39m=[32m"task-title"[39m
  [36m/>[39m

  --------------------------------------------------
  textbox:

  Name "Title":
  [36m<input[39m
    [33maria-label[39m=[32m"Title"[39m
    [33mid[39m=[32m"task-title"[39m
    [33mmaxlength[39m=[32m"255"[39m
    [33mvalue[39m=[32m""[39m
  [36m/>[39m

  Name "Description":
  [36m<textarea[39m
    [33maria-label[39m=[32m"Description"[39m
    [33mid[39m=[32m"task-description"[39m
    [33mmaxlength[39m=[32m"4000"[39m
  [36m/>[39m

  --------------------------------------------------
  button:

  Name "Add task":
  [36m<button[39m
    [33mtype[39m=[32m"submit"[39m
  [36m/>[39m

  --------------------------------------------------
  list:

  Name "":
  [36m<ul[39m
    [33mclass[39m=[32m"task-list"[39m
  [36m/>[39m

  --------------------------------------------------
  listitem:

  Name "":
  [36m<li[39m
    [33mclass[39m=[32m"task-item"[39m
  [36m/>[39m

  --------------------------------------------------
  combobox:

  Name "Status":
  [36m<select[39m
    [33maria-label[39m=[32m"Status"[39m
    [33mid[39m=[32m"task-status-task-1"[39m
  [36m/>[39m

  --------------------------------------------------
  option:

  Name "todo":
  [36m<option[39m
    [33mvalue[39m=[32m"todo"[39m
  [36m/>[39m

  Name "in_progress":
  [36m<option[39m
    [33mvalue[39m=[32m"in_progress"[39m
  [36m/>[39m

  Name "done":
  [36m<option[39m
    [33mvalue[39m=[32m"done"[39m
  [36m/>[39m

  --------------------------------------------------

Ignored nodes: comments, script, style
[36m<body>[39m
  [36m<div>[39m
    [36m<main[39m
      [33mclass[39m=[32m"container"[39m
    [36m>[39m
      [36m<h1>[39m
        [0mTaskFlow[0m
      [36m</h1>[39m
      [36m<p[39m
        [33mclass[39m=[32m"subtitle"[39m
      [36m>[39m
        [0mCreate tasks and load task pages with cursor-based pagination.[0m
      [36m</p>[39m
      [36m<form[39m
        [33mclass[39m=[32m"card task-form"[39m
      [36m>[39m
        [36m<h2>[39m
          [0mCreate Task[0m
        [36m</h2>[39m
        [36m<label[39m
          [33mfor[39m=[32m"task-title"[39m
        [36m>[39m
          [0mTitle[0m
        [36m</label>[39m
        [36m<input[39m
          [33maria-label[39m=[32m"Title"[39m
          [33mid[39m=[32m"task-title"[39m
          [33mmaxlength[39m=[32m"255"[39m
          [33mvalue[39m=[32m""[39m
        [36m/>[39m
        [36m<label[39m
          [33mfor[39m=[32m"task-description"[39m
        [36m>[39m
          [0mDescription[0m
        [36m</label>[39m
        [36m<textarea[39m
          [33maria-label[39m=[32m"Description"[39m
          [33mid[39m=[32m"task-description"[39m
          [33mmaxlength[39m=[32m"4000"[39m
        [36m/>[39m
        [36m<button[39m
          [33mtype[39m=[32m"submit"[39m
        [36m>[39m
          [0mAdd task[0m
        [36m</button>[39m
      [36m</form>[39m
      [36m<section[39m
        [33mclass[39m=[32m"card"[39m
      [36m>[39m
        [36m<h2>[39m
          [0mTasks[0m
        [36m</h2>[39m
        [36m<ul[39m
          [33mclass[39m=[32m"task-list"[39m
        [36m>[39m
          [36m<li[39m
            [33mclass[39m=[32m"task-item"[39m
          [36m>[39m
            [36m<p[39m
              [33mclass[39m=[32m"task-title"[39m
            [36m>[39m
              [0mBuy gorceries[0m
            [36m</p>[39m
            [36m<label[39m
              [33mclass[39m=[32m"task-status-control"[39m
              [33mfor[39m=[32m"task-status-task-1"[39m
            [36m>[39m
              [0mStatus[0m
              [36m<select[39m
                [33maria-label[39m=[32m"Status"[39m
                [33mid[39m=[32m"task-status-task-1"[39m
              [36m>[39m
                [36m<option[39m
                  [33mvalue[39m=[32m"todo"[39m
                [36m>[39m
                  [0mtodo[0m
                [36m</option>[39m
                [36m<option[39m
                  [33mvalue[39m=[32m"in_progress"[39m
                [36m>[39m
                  [0min_progress[0m
                [36m</option>[39m
                [36m<option[39m
                  [33mvalue[39m=[32m"done"[39m
                [36m>[39m
                  [0mdone[0m
                [36m</option>[39m
              [36m</select>[39m
            [36m</label>[39m
          [36m</li>[39m
        [36m</ul>[39m
      [36m</section>[39m
    [36m</main>[39m
  [36m</div>[39m
[36m</body>[39m
[90m [2m❯[22m Object.getElementError node_modules/@testing-library/dom/dist/config.js:[2m37:19[22m[39m
[90m [2m❯[22m node_modules/@testing-library/dom/dist/query-helpers.js:[2m76:38[22m[39m
[90m [2m❯[22m node_modules/@testing-library/dom/dist/query-helpers.js:[2m52:17[22m[39m
[90m [2m❯[22m node_modules/@testing-library/dom/dist/query-helpers.js:[2m95:19[22m[39m
[36m [2m❯[22m tests/integration/task_edit_flow.test.tsx:[2m70:28[22m[39m
    [90m 68| [39m    [34mrenderPage[39m()[33m;[39m
    [90m 69| [39m
    [90m 70| [39m    fireEvent[33m.[39m[34mclick[39m(screen[33m.[39m[34mgetByRole[39m([32m"button"[39m[33m,[39m { name[33m:[39m [32m"Edit"[39m }))[33m;[39m
    [90m   | [39m                           [31m^[39m
    [90m 71| [39m    fireEvent[33m.[39m[34mchange[39m(screen[33m.[39m[34mgetByLabelText[39m([32m"Edit title"[39m)[33m,[39m { target[33m:[39m { …
    [90m 72| [39m    fireEvent[33m.[39m[34mchange[39m(screen[33m.[39m[34mgetByLabelText[39m([32m"Edit description"[39m)[33m,[39m { targ…

[31m[2m⎯⎯⎯⎯⎯⎯⎯⎯⎯⎯⎯⎯⎯⎯⎯⎯⎯⎯⎯⎯⎯⎯⎯⎯[1/2]⎯[22m[39m

[31m[1m[7m FAIL [27m[22m[39m tests/integration/task_edit_flow.test.tsx[2m > [22mTask edit flow[2m > [22mcancels editing and restores view mode without saving
[31m[1mTestingLibraryElementError[22m[39m: Unable to find an accessible element with the role "button" and name "Edit"

Here are the accessible roles:

  main:

  Name "":
  [36m<main[39m
    [33mclass[39m=[32m"container"[39m
  [36m/>[39m

  --------------------------------------------------
  heading:

  Name "TaskFlow":
  [36m<h1 />[39m

  Name "Create Task":
  [36m<h2 />[39m

  Name "Tasks":
  [36m<h2 />[39m

  --------------------------------------------------
  paragraph:

  Name "":
  [36m<p[39m
    [33mclass[39m=[32m"subtitle"[39m
  [36m/>[39m

  Name "":
  [36m<p[39m
    [33mclass[39m=[32m"task-title"[39m
  [36m/>[39m

  --------------------------------------------------
  textbox:

  Name "Title":
  [36m<input[39m
    [33maria-label[39m=[32m"Title"[39m
    [33mid[39m=[32m"task-title"[39m
    [33mmaxlength[39m=[32m"255"[39m
    [33mvalue[39m=[32m""[39m
  [36m/>[39m

  Name "Description":
  [36m<textarea[39m
    [33maria-label[39m=[32m"Description"[39m
    [33mid[39m=[32m"task-description"[39m
    [33mmaxlength[39m=[32m"4000"[39m
  [36m/>[39m

  --------------------------------------------------
  button:

  Name "Add task":
  [36m<button[39m
    [33mtype[39m=[32m"submit"[39m
  [36m/>[39m

  --------------------------------------------------
  list:

  Name "":
  [36m<ul[39m
    [33mclass[39m=[32m"task-list"[39m
  [36m/>[39m

  --------------------------------------------------
  listitem:

  Name "":
  [36m<li[39m
    [33mclass[39m=[32m"task-item"[39m
  [36m/>[39m

  --------------------------------------------------
  combobox:

  Name "Status":
  [36m<select[39m
    [33maria-label[39m=[32m"Status"[39m
    [33mid[39m=[32m"task-status-task-1"[39m
  [36m/>[39m

  --------------------------------------------------
  option:

  Name "todo":
  [36m<option[39m
    [33mvalue[39m=[32m"todo"[39m
  [36m/>[39m

  Name "in_progress":
  [36m<option[39m
    [33mvalue[39m=[32m"in_progress"[39m
  [36m/>[39m

  Name "done":
  [36m<option[39m
    [33mvalue[39m=[32m"done"[39m
  [36m/>[39m

  --------------------------------------------------

Ignored nodes: comments, script, style
[36m<body>[39m
  [36m<div>[39m
    [36m<main[39m
      [33mclass[39m=[32m"container"[39m
    [36m>[39m
      [36m<h1>[39m
        [0mTaskFlow[0m
      [36m</h1>[39m
      [36m<p[39m
        [33mclass[39m=[32m"subtitle"[39m
      [36m>[39m
        [0mCreate tasks and load task pages with cursor-based pagination.[0m
      [36m</p>[39m
      [36m<form[39m
        [33mclass[39m=[32m"card task-form"[39m
      [36m>[39m
        [36m<h2>[39m
          [0mCreate Task[0m
        [36m</h2>[39m
        [36m<label[39m
          [33mfor[39m=[32m"task-title"[39m
        [36m>[39m
          [0mTitle[0m
        [36m</label>[39m
        [36m<input[39m
          [33maria-label[39m=[32m"Title"[39m
          [33mid[39m=[32m"task-title"[39m
          [33mmaxlength[39m=[32m"255"[39m
          [33mvalue[39m=[32m""[39m
        [36m/>[39m
        [36m<label[39m
          [33mfor[39m=[32m"task-description"[39m
        [36m>[39m
          [0mDescription[0m
        [36m</label>[39m
        [36m<textarea[39m
          [33maria-label[39m=[32m"Description"[39m
          [33mid[39m=[32m"task-description"[39m
          [33mmaxlength[39m=[32m"4000"[39m
        [36m/>[39m
        [36m<button[39m
          [33mtype[39m=[32m"submit"[39m
        [36m>[39m
          [0mAdd task[0m
        [36m</button>[39m
      [36m</form>[39m
      [36m<section[39m
        [33mclass[39m=[32m"card"[39m
      [36m>[39m
        [36m<h2>[39m
          [0mTasks[0m
        [36m</h2>[39m
        [36m<ul[39m
          [33mclass[39m=[32m"task-list"[39m
        [36m>[39m
          [36m<li[39m
            [33mclass[39m=[32m"task-item"[39m
          [36m>[39m
            [36m<p[39m
              [33mclass[39m=[32m"task-title"[39m
            [36m>[39m
              [0mBuy gorceries[0m
            [36m</p>[39m
            [36m<label[39m
              [33mclass[39m=[32m"task-status-control"[39m
              [33mfor[39m=[32m"task-status-task-1"[39m
            [36m>[39m
              [0mStatus[0m
              [36m<select[39m
                [33maria-label[39m=[32m"Status"[39m
                [33mid[39m=[32m"task-status-task-1"[39m
              [36m>[39m
                [36m<option[39m
                  [33mvalue[39m=[32m"todo"[39m
                [36m>[39m
                  [0mtodo[0m
                [36m</option>[39m
                [36m<option[39m
                  [33mvalue[39m=[32m"in_progress"[39m
                [36m>[39m
                  [0min_progress[0m
                [36m</option>[39m
                [36m<option[39m
                  [33mvalue[39m=[32m"done"[39m
                [36m>[39m
                  [0mdone[0m
                [36m</option>[39m
              [36m</select>[39m
            [36m</label>[39m
          [36m</li>[39m
        [36m</ul>[39m
      [36m</section>[39m
    [36m</main>[39m
  [36m</div>[39m
[36m</body>[39m
[90m [2m❯[22m Object.getElementError node_modules/@testing-library/dom/dist/config.js:[2m37:19[22m[39m
[90m [2m❯[22m node_modules/@testing-library/dom/dist/query-helpers.js:[2m76:38[22m[39m
[90m [2m❯[22m node_modules/@testing-library/dom/dist/query-helpers.js:[2m52:17[22m[39m
[90m [2m❯[22m node_modules/@testing-library/dom/dist/query-helpers.js:[2m95:19[22m[39m
[36m [2m❯[22m tests/integration/task_edit_flow.test.tsx:[2m88:28[22m[39m
    [90m 86| [39m    [34mrenderPage[39m()[33m;[39m
    [90m 87| [39m
    [90m 88| [39m    fireEvent[33m.[39m[34mclick[39m(screen[33m.[39m[34mgetByRole[39m([32m"button"[39m[33m,[39m { name[33m:[39m [32m"Edit"[39m }))[33m;[39m
    [90m   | [39m                           [31m^[39m
    [90m 89| [39m    fireEvent[33m.[39m[34mchange[39m(screen[33m.[39m[34mgetByLabelText[39m([32m"Edit title"[39m)[33m,[39m { target[33m:[39m { …
    [90m 90| [39m    fireEvent[33m.[39m[34mclick[39m(screen[33m.[39m[34mgetByRole[39m([32m"button"[39m[33m,[39m { name[33m:[39m [32m"Cancel"[39m }))[33m;[39m

[31m[2m⎯⎯⎯⎯⎯⎯⎯⎯⎯⎯⎯⎯⎯⎯⎯⎯⎯⎯⎯⎯⎯⎯⎯⎯[2/2]⎯[22m[39m

[2m Test Files [22m [1m[31m1 failed[39m[22m[90m (1)[39m
[2m      Tests [22m [1m[31m2 failed[39m[22m[90m (2)[39m
[2m   Start at [22m 09:54:24
[2m   Duration [22m 3.06s[2m (transform 118ms, setup 218ms, collect 374ms, tests 210ms, environment 1.66s, prepare 287ms)[22m

